src/App.tsx(109,7): error TS6133: 'FULLSCREEN_CONTAINS' is declared but its value is never read.
src/components/layout/AppInstallBanner.tsx(40,26): error TS6133: 'isDark' is declared but its value is never read.
src/components/layout/MobileNav.tsx(22,7): error TS6133: 'HIDDEN_FRAGMENTS' is declared but its value is never read.
src/components/ui/AIAnalysisOverlay.tsx(3,58): error TS6133: 'Smartphone' is declared but its value is never read.
src/pages/BookingPage.tsx(680,26): error TS2304: Cannot find name 'Sparkles'.
src/pages/BookingPage.tsx(791,30): error TS2304: Cannot find name 'Sparkles'.
src/pages/ForgotPasswordPage.tsx(11,11): error TS2339: Property 'resetPassword' does not exist on type 'AuthStore'.
src/pages/ProfilePage.tsx(269,35): error TS6133: 'onCancel' is declared but its value is never read.
src/pages/ProfilePage.tsx(332,9): error TS6133: 'allBookings' is declared but its value is never read.
src/pages/SalonDetailPage.tsx(4,76): error TS6133: 'TrendingUp' is declared but its value is never read.
src/pages/SalonDetailPage.tsx(33,68): error TS2304: Cannot find name 'useParams'.
src/pages/SalonDetailPage.tsx(41,20): error TS2552: Cannot find name 'useNavigate'. Did you mean 'navigate'?
src/pages/SalonDetailPage.tsx(42,37): error TS2304: Cannot find name 'useState'.
src/pages/SalonDetailPage.tsx(43,57): error TS2304: Cannot find name 'useState'.
src/pages/SalonDetailPage.tsx(44,43): error TS2304: Cannot find name 'useState'.
src/pages/SalonDetailPage.tsx(45,47): error TS2304: Cannot find name 'useState'.
src/pages/SalonDetailPage.tsx(65,3): error TS2304: Cannot find name 'useEffect'.
src/pages/SalonDetailPage.tsx(73,17): error TS2304: Cannot find name 'useMemo'.
src/pages/SalonDetailPage.tsx(90,22): error TS2304: Cannot find name 'useMemo'.
src/pages/SalonDetailPage.tsx(96,20): error TS2304: Cannot find name 'useMemo'.
src/pages/SalonDetailPage.tsx(105,18): error TS2304: Cannot find name 'useMemo'.
src/pages/SalonDetailPage.tsx(114,24): error TS2304: Cannot find name 'useMemo'.
src/pages/SalonDetailPage.tsx(119,22): error TS2304: Cannot find name 'useMemo'.
src/pages/SalonDetailPage.tsx(176,12): error TS2304: Cannot find name 'Link'.
src/pages/SalonDetailPage.tsx(176,95): error TS2304: Cannot find name 'Link'.
src/pages/SalonDetailPage.tsx(184,12): error TS2304: Cannot find name 'Link'.
src/pages/SalonDetailPage.tsx(184,153): error TS2304: Cannot find name 'Link'.
src/pages/SalonDetailPage.tsx(186,12): error TS2304: Cannot find name 'Link'.
src/pages/SalonDetailPage.tsx(186,168): error TS2304: Cannot find name 'Link'.
src/pages/SalonDetailPage.tsx(370,39): error TS7006: Parameter 'svc' implicitly has an 'any' type.
src/pages/SalonsPage.tsx(209,19): error TS2345: Argument of type '{ hasImmediateSlots: boolean; hasAIDiscounts: boolean; startingPrice: number | undefined; id: string; name: string; slug: string; uniqueId?: string | undefined; description: string; type: SalonType; ... 13 more ...; gallery?: GalleryItem[] | undefined; }[] | { ...; }' is not assignable to parameter of type 'SetStateAction<Salon[]>'.
  Type '{ data: { hasImmediateSlots: boolean; hasAIDiscounts: boolean; startingPrice: number | undefined; id: string; name: string; slug: string; uniqueId?: string; description: string; type: SalonType; ... 13 more ...; gallery?: GalleryItem[]; }[]; meta: { ...; }; }' is not assignable to type 'SetStateAction<Salon[]>'.
src/pages/UserSettingsPage.tsx(1,8): error TS6133: 'React' is declared but its value is never read.
src/store/useSearchStore.ts(91,65): error TS2339: Property 'data' does not exist on type '{ hasImmediateSlots: boolean; hasAIDiscounts: boolean; startingPrice: number | undefined; id: string; name: string; slug: string; uniqueId?: string | undefined; description: string; type: SalonType; ... 13 more ...; gallery?: GalleryItem[] | undefined; }[] | { ...; }'.
  Property 'data' does not exist on type '{ hasImmediateSlots: boolean; hasAIDiscounts: boolean; startingPrice: number | undefined; id: string; name: string; slug: string; uniqueId?: string | undefined; description: string; type: SalonType; ... 13 more ...; gallery?: GalleryItem[] | undefined; }[]'.
src/store/useSearchStore.ts(94,44): error TS7006: Parameter 'sal' implicitly has an 'any' type.
